

================================================================
== Vitis HLS Report for 'separable_conv_2d_cl'
================================================================
* Date:           Mon Dec 11 20:25:57 2023

* Version:        2023.1 (Build 3854077 on May  4 2023)
* Project:        separable_conv_2d_cl
* Solution:       solution1 (Vivado IP Flow Target)
* Product family: zynq
* Target device:  xc7z020-clg400-1


================================================================
== Performance Estimates
================================================================
+ Timing: 
    * Summary: 
    +--------+----------+----------+------------+
    |  Clock |  Target  | Estimated| Uncertainty|
    +--------+----------+----------+------------+
    |ap_clk  |  10.00 ns|  8.080 ns|     2.70 ns|
    +--------+----------+----------+------------+

+ Latency: 
    * Summary: 
    +---------+---------+----------+----------+-----+-----+---------+
    |  Latency (cycles) |  Latency (absolute) |  Interval | Pipeline|
    |   min   |   max   |    min   |    max   | min | max |   Type  |
    +---------+---------+----------+----------+-----+-----+---------+
    |       46|       46|  0.460 us|  0.460 us|   47|   47|       no|
    +---------+---------+----------+----------+-----+-----+---------+

    + Detail: 
        * Instance: 
        +-----------------------------------------------------------------------------------------+-------------------------------------------------------------------------------+---------+---------+----------+----------+-----+-----+---------+
        |                                                                                         |                                                                               |  Latency (cycles) |  Latency (absolute) |  Interval | Pipeline|
        |                                         Instance                                        |                                     Module                                    |   min   |   max   |    min   |    max   | min | max |   Type  |
        +-----------------------------------------------------------------------------------------+-------------------------------------------------------------------------------+---------+---------+----------+----------+-----+-----+---------+
        |grp_separable_conv_2d_cl_Pipeline_VITIS_LOOP_14_1_fu_34                                  |separable_conv_2d_cl_Pipeline_VITIS_LOOP_14_1                                  |       21|       21|  0.210 us|  0.210 us|   21|   21|       no|
        |grp_separable_conv_2d_cl_Pipeline_VITIS_LOOP_48_1_VITIS_LOOP_50_2_VITIS_LOOP_52_3_fu_46  |separable_conv_2d_cl_Pipeline_VITIS_LOOP_48_1_VITIS_LOOP_50_2_VITIS_LOOP_52_3  |       22|       22|  0.220 us|  0.220 us|   22|   22|       no|
        +-----------------------------------------------------------------------------------------+-------------------------------------------------------------------------------+---------+---------+----------+----------+-----+-----+---------+

        * Loop: 
        N/A



================================================================
== Utilization Estimates
================================================================
* Summary: 
+-----------------+---------+-----+--------+-------+-----+
|       Name      | BRAM_18K| DSP |   FF   |  LUT  | URAM|
+-----------------+---------+-----+--------+-------+-----+
|DSP              |        -|    -|       -|      -|    -|
|Expression       |        -|    -|       -|      -|    -|
|FIFO             |        -|    -|       -|      -|    -|
|Instance         |        -|   12|    2083|   1738|    -|
|Memory           |        -|    -|       -|      -|    -|
|Multiplexer      |        -|    -|       -|    183|    -|
|Register         |        -|    -|       6|      -|    -|
+-----------------+---------+-----+--------+-------+-----+
|Total            |        0|   12|    2089|   1921|    0|
+-----------------+---------+-----+--------+-------+-----+
|Available        |      280|  220|  106400|  53200|    0|
+-----------------+---------+-----+--------+-------+-----+
|Utilization (%)  |        0|    5|       1|      3|    0|
+-----------------+---------+-----+--------+-------+-----+

+ Detail: 
    * Instance: 
    +-----------------------------------------------------------------------------------------+-------------------------------------------------------------------------------+---------+----+------+------+-----+
    |                                         Instance                                        |                                     Module                                    | BRAM_18K| DSP|  FF  |  LUT | URAM|
    +-----------------------------------------------------------------------------------------+-------------------------------------------------------------------------------+---------+----+------+------+-----+
    |mul_32s_32s_32_2_1_U16                                                                   |mul_32s_32s_32_2_1                                                             |        0|   3|   165|    50|    0|
    |mul_32s_32s_32_2_1_U17                                                                   |mul_32s_32s_32_2_1                                                             |        0|   3|   165|    50|    0|
    |grp_separable_conv_2d_cl_Pipeline_VITIS_LOOP_14_1_fu_34                                  |separable_conv_2d_cl_Pipeline_VITIS_LOOP_14_1                                  |        0|   6|  1197|  1093|    0|
    |grp_separable_conv_2d_cl_Pipeline_VITIS_LOOP_48_1_VITIS_LOOP_50_2_VITIS_LOOP_52_3_fu_46  |separable_conv_2d_cl_Pipeline_VITIS_LOOP_48_1_VITIS_LOOP_50_2_VITIS_LOOP_52_3  |        0|   0|   556|   545|    0|
    +-----------------------------------------------------------------------------------------+-------------------------------------------------------------------------------+---------+----+------+------+-----+
    |Total                                                                                    |                                                                               |        0|  12|  2083|  1738|    0|
    +-----------------------------------------------------------------------------------------+-------------------------------------------------------------------------------+---------+----+------+------+-----+

    * DSP: 
    N/A

    * Memory: 
    N/A

    * FIFO: 
    N/A

    * Expression: 
    N/A

    * Multiplexer: 
    +------------------------+----+-----------+-----+-----------+
    |          Name          | LUT| Input Size| Bits| Total Bits|
    +------------------------+----+-----------+-----+-----------+
    |ap_NS_fsm               |  25|          5|    1|          5|
    |depthwise_res_address0  |  14|          3|    4|         12|
    |depthwise_res_address1  |  14|          3|    4|         12|
    |depthwise_res_ce0       |  14|          3|    1|          3|
    |depthwise_res_ce1       |  14|          3|    1|          3|
    |depthwise_res_we0       |   9|          2|    1|          2|
    |depthwise_res_we1       |   9|          2|    1|          2|
    |grp_fu_58_ce            |  14|          3|    1|          3|
    |grp_fu_58_p0            |  14|          3|   32|         96|
    |grp_fu_58_p1            |  14|          3|   32|         96|
    |grp_fu_62_ce            |  14|          3|    1|          3|
    |grp_fu_62_p0            |  14|          3|   32|         96|
    |grp_fu_62_p1            |  14|          3|   32|         96|
    +------------------------+----+-----------+-----+-----------+
    |Total                   | 183|         39|  143|        429|
    +------------------------+----+-----------+-----+-----------+

    * Register: 
    +------------------------------------------------------------------------------------------------------+---+----+-----+-----------+
    |                                                 Name                                                 | FF| LUT| Bits| Const Bits|
    +------------------------------------------------------------------------------------------------------+---+----+-----+-----------+
    |ap_CS_fsm                                                                                             |  4|   0|    4|          0|
    |grp_separable_conv_2d_cl_Pipeline_VITIS_LOOP_14_1_fu_34_ap_start_reg                                  |  1|   0|    1|          0|
    |grp_separable_conv_2d_cl_Pipeline_VITIS_LOOP_48_1_VITIS_LOOP_50_2_VITIS_LOOP_52_3_fu_46_ap_start_reg  |  1|   0|    1|          0|
    +------------------------------------------------------------------------------------------------------+---+----+-----+-----------+
    |Total                                                                                                 |  6|   0|    6|          0|
    +------------------------------------------------------------------------------------------------------+---+----+-----+-----------+



================================================================
== Interface
================================================================
* Summary: 
+----------------------------+-----+-----+------------+----------------------+--------------+
|          RTL Ports         | Dir | Bits|  Protocol  |     Source Object    |    C Type    |
+----------------------------+-----+-----+------------+----------------------+--------------+
|ap_clk                      |   in|    1|  ap_ctrl_hs|  separable_conv_2d_cl|  return value|
|ap_rst                      |   in|    1|  ap_ctrl_hs|  separable_conv_2d_cl|  return value|
|ap_start                    |   in|    1|  ap_ctrl_hs|  separable_conv_2d_cl|  return value|
|ap_done                     |  out|    1|  ap_ctrl_hs|  separable_conv_2d_cl|  return value|
|ap_idle                     |  out|    1|  ap_ctrl_hs|  separable_conv_2d_cl|  return value|
|ap_ready                    |  out|    1|  ap_ctrl_hs|  separable_conv_2d_cl|  return value|
|data_address0               |  out|    5|   ap_memory|                  data|         array|
|data_ce0                    |  out|    1|   ap_memory|                  data|         array|
|data_q0                     |   in|   32|   ap_memory|                  data|         array|
|data_address1               |  out|    5|   ap_memory|                  data|         array|
|data_ce1                    |  out|    1|   ap_memory|                  data|         array|
|data_q1                     |   in|   32|   ap_memory|                  data|         array|
|depthwise_res_address0      |  out|    4|   ap_memory|         depthwise_res|         array|
|depthwise_res_ce0           |  out|    1|   ap_memory|         depthwise_res|         array|
|depthwise_res_we0           |  out|    1|   ap_memory|         depthwise_res|         array|
|depthwise_res_d0            |  out|   32|   ap_memory|         depthwise_res|         array|
|depthwise_res_q0            |   in|   32|   ap_memory|         depthwise_res|         array|
|depthwise_res_address1      |  out|    4|   ap_memory|         depthwise_res|         array|
|depthwise_res_ce1           |  out|    1|   ap_memory|         depthwise_res|         array|
|depthwise_res_we1           |  out|    1|   ap_memory|         depthwise_res|         array|
|depthwise_res_d1            |  out|   32|   ap_memory|         depthwise_res|         array|
|depthwise_res_q1            |   in|   32|   ap_memory|         depthwise_res|         array|
|res_address0                |  out|    3|   ap_memory|                   res|         array|
|res_ce0                     |  out|    1|   ap_memory|                   res|         array|
|res_we0                     |  out|    1|   ap_memory|                   res|         array|
|res_d0                      |  out|   32|   ap_memory|                   res|         array|
|depthwise_weights_address0  |  out|    4|   ap_memory|     depthwise_weights|         array|
|depthwise_weights_ce0       |  out|    1|   ap_memory|     depthwise_weights|         array|
|depthwise_weights_q0        |   in|   32|   ap_memory|     depthwise_weights|         array|
|depthwise_weights_address1  |  out|    4|   ap_memory|     depthwise_weights|         array|
|depthwise_weights_ce1       |  out|    1|   ap_memory|     depthwise_weights|         array|
|depthwise_weights_q1        |   in|   32|   ap_memory|     depthwise_weights|         array|
|pointwise_weights_address0  |  out|    3|   ap_memory|     pointwise_weights|         array|
|pointwise_weights_ce0       |  out|    1|   ap_memory|     pointwise_weights|         array|
|pointwise_weights_q0        |   in|   32|   ap_memory|     pointwise_weights|         array|
|pointwise_weights_address1  |  out|    3|   ap_memory|     pointwise_weights|         array|
|pointwise_weights_ce1       |  out|    1|   ap_memory|     pointwise_weights|         array|
|pointwise_weights_q1        |   in|   32|   ap_memory|     pointwise_weights|         array|
|depthwise_biases_address0   |  out|    2|   ap_memory|      depthwise_biases|         array|
|depthwise_biases_ce0        |  out|    1|   ap_memory|      depthwise_biases|         array|
|depthwise_biases_q0         |   in|   32|   ap_memory|      depthwise_biases|         array|
|pointwise_biases_address0   |  out|    1|   ap_memory|      pointwise_biases|         array|
|pointwise_biases_ce0        |  out|    1|   ap_memory|      pointwise_biases|         array|
|pointwise_biases_q0         |   in|   32|   ap_memory|      pointwise_biases|         array|
+----------------------------+-----+-----+------------+----------------------+--------------+

